// Jest Snapshot v1, https://goo.gl/fbAQLP

exports[`should render EditExpensePage 1`] = `
<div>
  <h1>
    Edit Expense
  </h1>
  <ExpenseForm
    expense={
      Object {
        "amount": 98,
        "createdAt": 345600000,
        "description": "Floss",
        "id": "2",
        "note": "",
      }
    }
    onSubmit={[Function]}
  />
  <button
    onClick={[Function]}
  >
    remove
  </button>
</div>
`;
