// Jest Snapshot v1, https://goo.gl/fbAQLP

exports[`render ExpenseListItem with an expense 1`] = `
<div>
  <h3>
    <[object Object]
      to="/edit/0"
    >
      Gum
    </[object Object]>
  </h3>
  <p>
    amount: 
    195
     / date: 
    0
  </p>
</div>
`;
