// Jest Snapshot v1, https://goo.gl/fbAQLP

exports[`render NotFoundPage component 1`] = `
<div>
  404!
  <[object Object]
    to="/"
  >
    Go home
  </[object Object]>
</div>
`;
